reset

# Mesh height on first line, 60˚ block on second line, inner yellow mesh on third line, green mesh on fourth,
create radialmesh numZ 1 zblock 1 2 first size 1 last size 1 \
    numR 3 trisection rblock 1 0.5 interval 1 \
        rblock 2 1.5 first size 1 last size 1 \
        rblock 3 2 first size 1 last size 1 \
    numA 1 span 60 ablock 1 interval 1 # z=0 side of block
zblock 1 remove volume 1
rotate volume 2 3 angle 90 about x include_merged

create block 1
block 1 add volume 1 2
block 1 element type hex27 
#refine vertex 9 radius 0.2
#list node all

create pyramid height 1.003618893150114627 sides 3 radius 4.358035829057745 top 0
rotate volume 3 angle 90 about x 
move volume 3 x 0 y -0.003618893150114627 z 0
move volume 3 x 0 y 0.5 z 0
tweak curve 21 22 23 fillet radius 0.13826
webcut body 3 with plane zplane rotate 120 about y center 0 0 0  
webcut body 3 with plane zplane
delete volume 4 5
create cylinder height 1 radius 2
rotate volume 6 angle 90 about x
move volume 6 x 0 y 0.5 z 0
move volume 3 x 0 y -0.00853189048753 z 0
webcut body 3 tool volume 6
delete volume 3 6

sideset 1 surface 3 9 # Specmimen bottom
sideset 2 surface 2 7 # Specimen z=0 0˚
sideset 3 surface 5 10 # Specimen 60˚
sideset 4 surface 1 8 # Specimen top
sideset 5 surface 52 53 # Indenter bottom
sideset 6 surface 51 # Indenter z=0 0˚
sideset 7 surface 49 # Indenter 60˚
sideset 8 surface 50 # Indenter top

volume 7 size 0.6
#volume 7 scheme tetmesh
volume 7 scheme auto
mesh volume 7
refine surface 47 smooth

#move volume 7 x 0 y -1 z 0
create block 2
block 2 add volume 7
block 2 element type hex27
export genesis "~/GitHub/NN_indentation/moose/mesh/3D_roughq.e" dimension 3 overwrite

quality volume 1 2
