reset

# Mesh height on first line, 60˚ block on second line, inner mesh on third line, outer mesh on fourth
create radialmesh numZ 1 zblock 1 0.4 first size 0.05 last size 0.05\
    numR 3 trisection rblock 1 0.5 interval 8 \
        rblock 2 1.5 first size 0.125 last size 0.125 \
        rblock 3 2 first size 0.125 last size 0.125 \
    numA 1 span 60 ablock 1 interval 8 # z=0 side of block
rotate volume 1 2 angle 90 about x include_merged
create radialmesh numZ 1 zblock 1 1.6 first size 0.1875 last size 0.1875\
    numR 3 trisection rblock 1 0.5 interval 8 \
        rblock 2 1.5 first size 0.125 last size 0.125 \
        rblock 3 2 first size 0.125 last size 0.125 \
    numA 1 span 60 ablock 1 interval 8 # z=0 side of block
zblock 1 remove volume 1
rotate volume 3 4 angle 90 about x include_merged
move volume 3 4 x 0 y -0.4 z 0 include_merged
merge volume 1 2 3 4

create block 1
block 1 add volume 1 2 3 4
block 1 element type hex27 

create pyramid height 1.003618893150114627 sides 3 radius 4.358035829057745 top 0
rotate volume 5 angle 90 about x 
move volume 5 x 0 y -0.003618893150114627 z 0
move volume 5 x 0 y 0.5 z 0
tweak curve 38 39 40 fillet radius 0.13826
webcut body 5 with plane zplane rotate 120 about y center 0 0 0  
webcut body 5 with plane zplane
delete volume 6 7
create cylinder height 1 radius 2
rotate volume 8 angle 90 about x
move volume 8 x 0 y 0.5 z 0
move volume 5 x 0 y -0.00853189048753 z 0
webcut body 5 tool volume 8
delete volume 5 8

sideset 1 surface 13 19 # Specmimen bottom
sideset 2 surface 2 7 12 17 # Specimen z=0 0˚
sideset 3 surface 5 10 15 20 # Specimen 60˚
sideset 4 surface 1 8 # Specimen top
sideset 5 surface 62 63 # Indenter bottom
sideset 6 surface 61 # Indenter z=0 0˚
sideset 7 surface 59 # Indenter 60˚
sideset 8 surface 60 # Indenter top

volume 9 size 0.15
volume 9 scheme auto
mesh volume 9

#move volume 7 x 0 y -1 z 0
create block 2
block 2 add volume 9
block 2 element type hex27
export genesis "~/GitHub/NN_indentation/moose/mesh/3D_refq.e" dimension 3 overwrite

quality volume 1 2
